\BOOKMARK [1][-]{section.1}{\376\377\145\160\143\156\147\145\156\220\116\313\176\315}{}% 1
\BOOKMARK [2][-]{subsection.1.1}{\376\377\213\372\215\035\134\024\131\126\137\227\116\073\123\321\210\150\213\260\137\125\145\160\143\156\226\306\377\010\0001\0009\0000\0000\040\024\0002\0000\0001\0006\377\011}{section.1}% 2
\BOOKMARK [2][-]{subsection.1.2}{\376\377\213\372\215\035\134\024\131\126\133\230\145\271\177\121\172\331\145\160\143\156}{section.1}% 3
\BOOKMARK [2][-]{subsection.1.3}{\376\377\000K\000a\000g\000g\000l\000e\000\040\203\267\131\126\200\005\140\073\211\310\145\160\143\156\226\306}{section.1}% 4
\BOOKMARK [2][-]{subsection.1.4}{\376\377\000O\000p\000e\000n\000A\000l\000e\000x\000\040\000A\000P\000I}{section.1}% 5
\BOOKMARK [2][-]{subsection.1.5}{\376\377\000Z\000e\000n\000o\000d\000o\000\040\127\060\177\030\145\077\154\273\155\101\122\250\145\160\143\156}{section.1}% 6
\BOOKMARK [1][-]{section.2}{\376\377\230\171\166\356\200\314\146\157\116\016\170\024\172\166\225\356\230\230}{}% 7
\BOOKMARK [2][-]{subsection.2.1}{\376\377\220\011\230\230\200\314\146\157}{section.2}% 8
\BOOKMARK [2][-]{subsection.2.2}{\376\377\230\171\166\356\166\356\150\007}{section.2}% 9
\BOOKMARK [2][-]{subsection.2.3}{\376\377\170\024\172\166\225\356\230\230}{section.2}% 10
\BOOKMARK [1][-]{section.3}{\376\377\145\160\143\156\147\145\156\220\116\016\131\004\164\006}{}% 11
\BOOKMARK [2][-]{subsection.3.1}{\376\377\145\160\143\156\147\145\156\220\151\202\217\360}{section.3}% 12
\BOOKMARK [2][-]{subsection.3.2}{\376\377\145\160\143\156\131\004\164\006\155\101\172\013}{section.3}% 13
\BOOKMARK [1][-]{section.4}{\376\377\123\357\211\306\123\026\213\276\213\241\140\073\211\310}{}% 14
\BOOKMARK [2][-]{subsection.4.1}{\376\377\213\276\213\241\164\006\137\365}{section.4}% 15
\BOOKMARK [2][-]{subsection.4.2}{\376\377\152\041\127\127\147\266\147\204}{section.4}% 16
\BOOKMARK [2][-]{subsection.4.3}{\376\377\122\115\172\357\147\266\147\204}{section.4}% 17
\BOOKMARK [1][-]{section.5}{\376\377\123\357\211\306\123\026\152\041\127\127\133\236\163\260}{}% 18
\BOOKMARK [2][-]{subsection.5.1}{\376\377\152\041\127\127\000A\377\032\127\060\177\030\145\077\154\273\116\016\172\172\225\364\217\150\217\371\377\010\215\037\215\043\116\272\377\032\226\110\156\130\132\233\377\011}{section.5}% 19
\BOOKMARK [3][-]{subsubsection.5.1.1}{\376\377\213\276\213\241\166\356\150\007}{subsection.5.1}% 20
\BOOKMARK [3][-]{subsubsection.5.1.2}{\376\377\211\306\126\376\116\000\377\032\166\176\136\164\203\267\131\126\202\202\131\117\116\016\133\146\171\321\162\110\126\376\377\010\000o\000v\000e\000r\000v\000i\000e\000w\377\011}{subsection.5.1}% 21
\BOOKMARK [3][-]{subsubsection.5.1.3}{\376\377\211\306\126\376\116\214\377\032\121\372\165\037\127\060\041\222\147\072\147\204\126\375\166\204\215\350\126\375\217\301\171\373\137\047\176\277\377\010\000m\000i\000g\000r\000a\000t\000i\000o\000n\377\011}{subsection.5.1}% 22
\BOOKMARK [3][-]{subsubsection.5.1.4}{\376\377\211\306\126\376\116\011\377\032\133\146\147\057\116\055\137\303\127\050\123\206\123\362\145\366\147\037\166\204\217\154\171\373\377\010\000c\000e\000n\000t\000e\000r\000s\377\011}{subsection.5.1}% 23
\BOOKMARK [3][-]{subsubsection.5.1.5}{\376\377\211\306\126\376\126\333\377\032\123\206\123\362\126\375\124\015\116\016\163\260\116\343\126\375\133\266\166\204\146\040\134\004\377\010\000i\000d\000e\000n\000t\000i\000t\000y\377\011}{subsection.5.1}% 24
\BOOKMARK [3][-]{subsubsection.5.1.6}{\376\377\211\306\126\376\116\224\377\032\131\126\230\171\154\263\155\101\116\055\166\204\145\366\116\343\145\255\160\271\377\010\000p\000e\000r\000i\000o\000d\000s\377\011}{subsection.5.1}% 25
\BOOKMARK [3][-]{subsubsection.5.1.7}{\376\377\116\073\211\201\123\321\163\260}{subsection.5.1}% 26
\BOOKMARK [2][-]{subsection.5.2}{\376\377\152\041\127\127\000B\377\032\133\146\147\057\165\037\124\175\124\150\147\037\377\010\215\037\215\043\116\272\377\032\236\316\133\120\156\070\377\011}{section.5}% 27
\BOOKMARK [3][-]{subsubsection.5.2.1}{\376\377\213\276\213\241\166\356\150\007}{subsection.5.2}% 28
\BOOKMARK [3][-]{subsubsection.5.2.2}{\376\377\211\306\126\376\116\000\377\032\133\146\147\057\217\150\217\371\133\371\237\120\377\010\000t\000r\000a\000j\000e\000c\000t\000o\000r\000y\377\011}{subsection.5.2}% 29
\BOOKMARK [3][-]{subsubsection.5.2.3}{\376\377\211\306\126\376\116\214\377\032\203\267\131\126\122\115\124\016\133\371\153\324\377\010\000c\000o\000m\000p\000a\000r\000i\000s\000o\000n\377\011}{subsection.5.2}% 30
